../Core/Src/main.c:121:9:MPU6050_Init	40	static
../Core/Src/main.c:153:6:MPU6050_Read_Accel	40	static
../Core/Src/main.c:175:6:MPU6050_Read_Gyro	40	static
../Core/Src/main.c:197:6:MPU6050_Read_Temp	40	static
../Core/Src/main.c:210:6:MPU6050_Read_All	112	static
../Core/Src/main.c:264:8:Kalman_getAngle	104	static
../Core/Src/main.c:299:5:main	8	static
../Core/Src/main.c:347:6:SystemClock_Config	88	static
../Core/Src/main.c:394:13:MX_I2C1_Init	8	static
../Core/Src/main.c:428:13:MX_GPIO_Init	24	static
../Core/Src/main.c:450:6:Error_Handler	4	static,ignoring_inline_asm
